[linktr.ee/dyaa_ph5c6a.html]
[backblue.gif]
[fade.gif]
[index.html]
[external.html]
[assets.production.linktr.ee/cep/cep.min1b26.js]
[sdk.snapkit.com/js/v1/create.js]
[assets.production.linktr.ee/profiles/_next/static/logo-assets/favicon.png]
[assets.production.linktr.ee/profiles/_next/static/logo-assets/favicon-96x96.png]
[assets.production.linktr.ee/profiles/_next/static/logo-assets/favicon-32x32.png]
[assets.production.linktr.ee/profiles/_next/static/logo-assets/favicon-16x16.png]
[assets.production.linktr.ee/profiles/_next/static/logo-assets/apple-icon-180x180.png]
[assets.production.linktr.ee/profiles/_next/static/logo-assets/apple-icon-152x152.png]
[assets.production.linktr.ee/profiles/_next/static/logo-assets/apple-icon-144x144.png]
[assets.production.linktr.ee/profiles/_next/static/logo-assets/apple-icon-120x120.png]
[assets.production.linktr.ee/profiles/_next/static/logo-assets/apple-icon-114x114.png]
[assets.production.linktr.ee/profiles/_next/static/logo-assets/apple-icon-72x72.png]
[assets.production.linktr.ee/profiles/_next/static/logo-assets/apple-icon-76x76.png]
[assets.production.linktr.ee/profiles/_next/static/logo-assets/apple-icon-60x60.png]
[assets.production.linktr.ee/profiles/_next/static/logo-assets/apple-icon-57x57.png]
[cdn-au.onetrust.com/scripttemplates/otSDKStub.js]
[assets.production.linktr.ee/profiles/_next/static/css/ab1a4ec97d8aca29.css]
[assets.production.linktr.ee/profiles/_next/static/chunks/polyfills-5cd94c89d3acac5f.js]
[assets.production.linktr.ee/profiles/_next/static/chunks/webpack-cbd2d80cd1e50d30.js]
[assets.production.linktr.ee/profiles/_next/static/chunks/main-ac2f4aa970654e85.js]
[assets.production.linktr.ee/profiles/_next/static/chunks/framework-ca32d4ec620501e2.js]
[assets.production.linktr.ee/profiles/_next/static/0170c292cb136fa8f22dc562c88f9cdeb4a26e29/_buildManifest.js]
[assets.production.linktr.ee/profiles/_next/static/0170c292cb136fa8f22dc562c88f9cdeb4a26e29/_ssgManifest.js]
[assets.production.linktr.ee/profiles/_next/static/0170c292cb136fa8f22dc562c88f9cdeb4a26e29/_middlewareManifest.js]
[assets.production.linktr.ee/profiles/_next/static/chunks/pages/[profile]-0e1bad4dcdfdcf5c.js]
[ugc.production.linktr.ee/2vCaaq7mQTSod9teJ0uX_6ced195425accc3db91a656e07005ab72c1e.jpg]
[assets.production.linktr.ee/profiles/_next/static/chunks/pages/_app-5bbcb97e9258ee0e.js]
[ugc.production.linktr.ee/FbWwFL8BQMG0bbfbmpqI_79820afefb85f749c274b72ee95996ec2c1e.jpg]
[ugc.production.linktr.ee/fdrRxdPQMC662341hwSq_127179399301f10023a8d615fa2ec5842c1e.jpg]
[ugc.production.linktr.ee/pNbvmBp5QrSZy52lS9kQ_513c15e08a86b1678e1ec70df8b23ffd2c1e.jpg]
[ugc.production.linktr.ee/nUwEMRbGQCq6mnNub8EQ_566ce63b8269b88dec477f055a9f0d452c1e.jpg]
[ugc.production.linktr.ee/VqPYMmMSjasqxWh2I5qr_b3a92bb77d4f55a1b8f20f26aac67c242c1e.jpg]
[linktr.ee/dyaa_ph5c6a.html]
[assets.production.linktr.ee/profiles/_next/static/media/flags.f73aa829.png]
[assets.production.linktr.ee/profiles/_next/static/css/ab1a4ec97d8aca29.css]
[www.googleadservices.com/pagead/conversion_async.js]
